Module: basic
   proc method1(): string
       Comment for method1 

   proc method1Commentless(): string

   proc body(): complex(128)
       Comment for method with a body 

   proc bodyCommentless(): complex(128)

   proc hasArg(val: int(64)): uint(64)
       Comment for method with an argument 

   proc hasArgCommentless(val: int(64)): uint(64)

   proc argAndBody(val: int(64)): imag(64)
       Comment for method with argument and body 

   proc argAndBodyCommentless(val: int(64)): imag(64)

   proc longComment(): int(64)
       This comment is rather long
   And spans for
   Multiple lines 

   proc implicit()
       This proc has an implicit return type 

   proc implicitCommentless()

   proc returnStatement()
       This proc has an implicit return type and a return statement 

   proc returnCommentless()

   Module: basic.Other
      proc inside(): int(64)
          Comment for method inside module 

      proc insideCommentless(): int(64)

      proc body(): real(64)
          Comment for method with a body inside module 

      proc bodyCommentless(): real(64)

      proc hasArg(val: int(64)): real(64)
          Comment for method with an argument inside module 

      proc hasArgCommentless(val: int(64)): real(64)

      proc argAndBody(val: int(64)): bool
          Comment for method with argument and body inside module 

      proc argAndBodyCommentless(val: int(64)): bool

      proc implicit()
          This proc has an implicit return type 

      proc implicitCommentless()

      proc returnStatement()
          This proc has an implicit return type and a return statement 

      proc returnCommentless()

