Module: tuples
   proc smallTuple(): (bool, bool)
       This method returns a tuple of bools as an argument 

   proc difTypes(): (real(64), int(64), imag(64))
       This method returns a heterogeneous tuple as an argument 

   proc difDecl(): 3*(string)
       This method returns a tuple of strings as an argument 

   proc multiDimension(): 3*(4*(complex(128)))
       This method returns a tuple of tuples of complex numbers 

   proc singleDimension(): (uint(64))
       This method returns a one dimensional tuple 

