Module: basic
   config var isInt: int(64)
       Comment for config var that is an int 
   config var isIntCommentless: int(64)
   config var isReal: real(64)
       Comment for config var that is a real 
   config var isRealCommentless: real(64)
   config var isBool: bool
       Comment for config var that is a bool 
   config var isBoolCommentless: bool
   config var isString: string
       Comment for config var that is a string 
   config var isStringCommentless: string
   config var isComplex: complex(128)
       Comment for config var that is a complex number 
   config var isComplexCommentless: complex(128)
   config var isUint: uint(64)
       Comment for config var that is a uint 
   config var isUintCommentless: uint(64)
   config var isImag: imag(64)
       Comment for config var that is an imaginary number 
   config var isImagCommentless: imag(64)
   config var longComment: int(64)
       This comment is rather long
   And spans for
   Multiple lines 
