Module: methods
   Class: fullOfMethods
      proc commented()
          This is just a normal method with a comment.  I shouldn't
     need to test various other forms of methods, because those
     are tested elsewhere 

      proc commentless()

      inherited from object

   Record: fullOfMethodsToo
      proc commented()
          This is just a normal method with a comment.  I shouldn't
     need to test various other forms of methods, because those
     are tested elsewhere 

      proc commentless()

