Module: tuples
   proc smallTuple(val: (bool, bool))
       This method takes a tuple of bools as an argument 

   proc difTypes(val: (real(64), int(64), imag(64)))
       This method takes a heterogeneous tuple as an argument 

   proc difDecl(val: 3*(string))
       This method takes a tuple of strings as an argument 

   proc multiDimension(val: 3*(4*(complex(128))))
       This method takes a tuple of tuples of complex numbers 

   proc singleDimension(val: (uint(64)))
       This method takes a one dimensional tuple 

