Module: tuples
   Class: fullOfTuples
      var smallTuple: (bool, bool)
          This field contains a tuple of bools 
      var difTypes: (real(64), int(64), imag(64))
          This field contains a heterogeneous tuple 
      var difDecl: 3*(string)
          This field contains a tuple of strings 
      var multiDimension: 3*(4*(complex(128)))
          This field contains a tuple of tuples of complex numbers 
      var singleDimension: (uint(64))
          This field contains a one dimensional tuple 
      inherited from object

