Module: multipleInheritance
   Class: Child
      proc nose()
          A method all its own 

      inherited from Father
         proc hair()
             One of Father's methods 


      inherited from Mother
         proc eyes()
             One of Mother's methods 


      inherited from object

   Class: Father
      proc hair()
          One of Father's methods 

      inherited from object

   Class: Mother
      proc eyes()
          One of Mother's methods 

      inherited from object

